
> eaas-platform@1.0.0 build
> next build

 ⚠ Warning: Next.js inferred your workspace root, but it may not be correct.
 We detected multiple lockfiles and selected the directory of /Users/moneebraza/package-lock.json as the root directory.
 To silence this warning, set `outputFileTracingRoot` in your Next.js config, or consider removing one of the lockfiles if it's not needed.
   See https://nextjs.org/docs/app/api-reference/config/next-config-js/output#caveats for more information.
 Detected additional lockfiles: 
   * /Users/moneebraza/Desktop/FullStack/my-nextjs-app/package-lock.json

   ▲ Next.js 15.5.4
   - Environments: .env.local

   Creating an optimized production build ...


Source path: /Users/moneebraza/Desktop/FullStack/my-nextjs-app/src/app/globals.css
Setting up new context...
Finding changed files: 6.411ms
Reading changed files: 78.629ms
Sorting candidates: 4.388ms
Generate rules: 79.315ms
Build stylesheet: 3.853ms
Potential classes:  3841
Active contexts:  1
JIT TOTAL: 318.805ms


 ✓ Compiled successfully in 7.6s
   Skipping linting
   Checking validity of types ...
   Collecting page data ...
   Generating static pages (0/28) ...
   Generating static pages (7/28) 
   Generating static pages (14/28) 
   Generating static pages (21/28) 
 ✓ Generating static pages (28/28)
ReferenceError: location is not defined
    at bI (.next/server/app/upload/page.js:2:139643)
   Finalizing page optimization ...
   Collecting build traces ...

Route (app)                                 Size  First Load JS
┌ ○ /                                    2.43 kB         108 kB
├ ○ /_not-found                            999 B         103 kB
├ ○ /analytics                           3.42 kB         227 kB
├ ○ /analytics/comparisons               3.43 kB         223 kB
├ ○ /analytics/trends                    5.07 kB         218 kB
├ ƒ /api/auth/delete-account               154 B         102 kB
├ ƒ /api/auth/send-verification            154 B         102 kB
├ ƒ /api/auth/verify-email                 154 B         102 kB
├ ƒ /api/experiments                       154 B         102 kB
├ ƒ /api/experiments/[id]                  154 B         102 kB
├ ƒ /api/profile/update                    154 B         102 kB
├ ƒ /api/profile/upload-avatar             154 B         102 kB
├ ƒ /api/upload/dataset                    154 B         102 kB
├ ƒ /api/upload/delete/[fileId]            154 B         102 kB
├ ƒ /api/upload/list                       154 B         102 kB
├ ƒ /api/user/export-data                  154 B         102 kB
├ ƒ /auth/callback                         154 B         102 kB
├ ○ /auth/signin                         3.24 kB         149 kB
├ ○ /auth/signup                         3.21 kB         149 kB
├ ○ /dashboard                           2.82 kB         156 kB
├ ○ /experiments                         2.92 kB         108 kB
├ ƒ /experiments/[id]                    2.49 kB         108 kB
├ ƒ /experiments/[id]/new-run            3.17 kB         105 kB
├ ○ /experiments/new                     2.67 kB         104 kB
├ ○ /profile                             3.52 kB         157 kB
├ ○ /rubrics                              5.6 kB         111 kB
├ ○ /rubrics/new                         4.78 kB         110 kB
├ ○ /upload                                34 kB         187 kB
├ ƒ /uploads/[...path]                     154 B         102 kB
└ ○ /verify-email                        2.41 kB         108 kB
+ First Load JS shared by all             102 kB
  ├ chunks/493-c207f0b0aa44f310.js       45.5 kB
  ├ chunks/4bd1b696-409494caf8c83275.js  54.2 kB
  └ other shared chunks (total)          1.97 kB


○  (Static)   prerendered as static content
ƒ  (Dynamic)  server-rendered on demand

